[role-verse.vercel.app/index.html]
[backblue.gif]
[fade.gif]
[index.html]
[role-verse.vercel.app/images/logo.webp]
[fonts.googleapis.com/index.html]
[fonts.googleapis.com/css2a369.css]
[fonts.googleapis.com/icone91f.css]
[role-verse.vercel.app/assets/index-BqBPDTT8.js]
[role-verse.vercel.app/assets/chunk-THeY82Nn.js]
[role-verse.vercel.app/assets/chunk-OEnSs5hc.js]
[role-verse.vercel.app/assets/chunk-rFdueWT-.js]
[role-verse.vercel.app/assets/chunk-CwbDZlA-.js]
[role-verse.vercel.app/index.html]
[role-verse.vercel.app/assets/styles/index-CYRHsDj5.css]
[fonts.googleapis.com/index.html]
[fonts.gstatic.com/index.html]
[fonts.gstatic.com/s/cinzel/v26/8vIJ7ww63mVu7gt7-GT7LEc.woff2]
[fonts.gstatic.com/s/cinzel/v26/8vIJ7ww63mVu7gt79mT7.woff2]
[fonts.gstatic.com/s/merriweather/v33/u-4c0qyriQwlOrhSvowK_l5-eTxCVx0ZbwLvKH2Gk9hLmp0v5yA-xXPqCzLvF-adrGGj.woff2]
[fonts.gstatic.com/s/merriweather/v33/u-4c0qyriQwlOrhSvowK_l5-eTxCVx0ZbwLvKH2Gk9hLmp0v5yA-xXPqCzLvF--drGGj.woff2]
[fonts.gstatic.com/s/merriweather/v33/u-4c0qyriQwlOrhSvowK_l5-eTxCVx0ZbwLvKH2Gk9hLmp0v5yA-xXPqCzLvF-SdrGGj.woff2]
[fonts.gstatic.com/s/merriweather/v33/u-4c0qyriQwlOrhSvowK_l5-eTxCVx0ZbwLvKH2Gk9hLmp0v5yA-xXPqCzLvF-WdrGGj.woff2]
[fonts.gstatic.com/s/merriweather/v33/u-4c0qyriQwlOrhSvowK_l5-eTxCVx0ZbwLvKH2Gk9hLmp0v5yA-xXPqCzLvF-udrA.woff2]
[fonts.gstatic.com/s/merriweather/v33/u-4e0qyriQwlOrhSvowK_l5UcA6zuSYEqOzpPe3HOZJ5eX1WtLaQwmYiSeqnJ-mFqA.woff2]
[fonts.gstatic.com/s/merriweather/v33/u-4e0qyriQwlOrhSvowK_l5UcA6zuSYEqOzpPe3HOZJ5eX1WtLaQwmYiSequJ-mFqA.woff2]
[fonts.gstatic.com/s/merriweather/v33/u-4e0qyriQwlOrhSvowK_l5UcA6zuSYEqOzpPe3HOZJ5eX1WtLaQwmYiSeqlJ-mFqA.woff2]
[fonts.gstatic.com/s/merriweather/v33/u-4e0qyriQwlOrhSvowK_l5UcA6zuSYEqOzpPe3HOZJ5eX1WtLaQwmYiSeqkJ-mFqA.woff2]
[fonts.googleapis.com/css2a369.css]
[fonts.gstatic.com/s/merriweather/v33/u-4e0qyriQwlOrhSvowK_l5UcA6zuSYEqOzpPe3HOZJ5eX1WtLaQwmYiSeqqJ-k.woff2]
[fonts.gstatic.com/s/materialicons/v145/flUhRq6tzZclQEJ-Vdg-IuiaDsNc.woff2]
[fonts.googleapis.com/icone91f.css]
[role-verse.vercel.app/assets/styles/index-CYRHsDj5.css]
[fonts.googleapis.com/css244f1.css]
[fonts.gstatic.com/s/bevietnampro/v12/QdVPSTAyLFyeg_IDWvOJmVES_Hw4BXoKZA.woff2]
[fonts.gstatic.com/s/bevietnampro/v12/QdVPSTAyLFyeg_IDWvOJmVES_Hw5BXoKZA.woff2]
[fonts.gstatic.com/s/bevietnampro/v12/QdVPSTAyLFyeg_IDWvOJmVES_Hw3BXo.woff2]
[fonts.gstatic.com/s/bevietnampro/v12/QdVMSTAyLFyeg_IDWvOJmVES_HTEJm86Rb0bcw.woff2]
[fonts.gstatic.com/s/bevietnampro/v12/QdVMSTAyLFyeg_IDWvOJmVES_HTEJm87Rb0bcw.woff2]
[fonts.gstatic.com/s/bevietnampro/v12/QdVMSTAyLFyeg_IDWvOJmVES_HTEJm81Rb0.woff2]
[fonts.gstatic.com/s/bevietnampro/v12/QdVMSTAyLFyeg_IDWvOJmVES_HToIW86Rb0bcw.woff2]
[fonts.gstatic.com/s/bevietnampro/v12/QdVMSTAyLFyeg_IDWvOJmVES_HToIW87Rb0bcw.woff2]
[fonts.gstatic.com/s/bevietnampro/v12/QdVMSTAyLFyeg_IDWvOJmVES_HToIW81Rb0.woff2]
[fonts.gstatic.com/s/bevietnampro/v12/QdVMSTAyLFyeg_IDWvOJmVES_HSMIG86Rb0bcw.woff2]
[fonts.gstatic.com/s/bevietnampro/v12/QdVMSTAyLFyeg_IDWvOJmVES_HSMIG87Rb0bcw.woff2]
[fonts.gstatic.com/s/bevietnampro/v12/QdVMSTAyLFyeg_IDWvOJmVES_HSMIG81Rb0.woff2]
[fonts.gstatic.com/s/spacegrotesk/v22/V8mDoQDjQSkFtoMM3T6r8E7mPb54C-s0.woff2]
[fonts.gstatic.com/s/spacegrotesk/v22/V8mDoQDjQSkFtoMM3T6r8E7mPb94C-s0.woff2]
[fonts.googleapis.com/css244f1.css]
[fonts.gstatic.com/s/spacegrotesk/v22/V8mDoQDjQSkFtoMM3T6r8E7mPbF4Cw.woff2]
