[role-verse-lite-chester.netlify.app/index.html]
[backblue.gif]
[fade.gif]
[index.html]
[fonts.googleapis.com/css2a369.css]
[fonts.googleapis.com/index.html]
[role-verse-lite-chester.netlify.app/assets/vendor-react-C7tYskqo.js]
[role-verse-lite-chester.netlify.app/assets/index-B8jxp9cS.js]
[role-verse-lite-chester.netlify.app/assets/vendor-mui-BqW0biOo.js]
[role-verse-lite-chester.netlify.app/assets/vendor-db-CupY014F.js]
[role-verse-lite-chester.netlify.app/assets/services-memory-B8Y9glqe.js]
[role-verse-lite-chester.netlify.app/assets/services-utils-DBsuzUq6.js]
[role-verse-lite-chester.netlify.app/assets/vendor-ai-BTFz25UL.js]
[role-verse-lite-chester.netlify.app/assets/services-ai-BnwXY5bg.js]
[role-verse-lite-chester.netlify.app/index.html]
[role-verse-lite-chester.netlify.app/assets/index-DDWZh6OD.css]
[fonts.googleapis.com/index.html]
[fonts.gstatic.com/index.html]
[fonts.gstatic.com/s/cinzel/v26/8vIJ7ww63mVu7gt7-GT7LEc.woff2]
[fonts.gstatic.com/s/cinzel/v26/8vIJ7ww63mVu7gt79mT7.woff2]
[fonts.gstatic.com/s/merriweather/v33/u-4c0qyriQwlOrhSvowK_l5-eTxCVx0ZbwLvKH2Gk9hLmp0v5yA-xXPqCzLvF-adrGGj.woff2]
[fonts.gstatic.com/s/merriweather/v33/u-4c0qyriQwlOrhSvowK_l5-eTxCVx0ZbwLvKH2Gk9hLmp0v5yA-xXPqCzLvF--drGGj.woff2]
[fonts.gstatic.com/s/merriweather/v33/u-4c0qyriQwlOrhSvowK_l5-eTxCVx0ZbwLvKH2Gk9hLmp0v5yA-xXPqCzLvF-SdrGGj.woff2]
[fonts.gstatic.com/s/merriweather/v33/u-4c0qyriQwlOrhSvowK_l5-eTxCVx0ZbwLvKH2Gk9hLmp0v5yA-xXPqCzLvF-WdrGGj.woff2]
[fonts.gstatic.com/s/merriweather/v33/u-4c0qyriQwlOrhSvowK_l5-eTxCVx0ZbwLvKH2Gk9hLmp0v5yA-xXPqCzLvF-udrA.woff2]
[fonts.gstatic.com/s/merriweather/v33/u-4e0qyriQwlOrhSvowK_l5UcA6zuSYEqOzpPe3HOZJ5eX1WtLaQwmYiSeqnJ-mFqA.woff2]
[fonts.gstatic.com/s/merriweather/v33/u-4e0qyriQwlOrhSvowK_l5UcA6zuSYEqOzpPe3HOZJ5eX1WtLaQwmYiSequJ-mFqA.woff2]
[fonts.gstatic.com/s/merriweather/v33/u-4e0qyriQwlOrhSvowK_l5UcA6zuSYEqOzpPe3HOZJ5eX1WtLaQwmYiSeqlJ-mFqA.woff2]
[fonts.gstatic.com/s/merriweather/v33/u-4e0qyriQwlOrhSvowK_l5UcA6zuSYEqOzpPe3HOZJ5eX1WtLaQwmYiSeqkJ-mFqA.woff2]
[fonts.googleapis.com/css2a369.css]
[fonts.gstatic.com/s/merriweather/v33/u-4e0qyriQwlOrhSvowK_l5UcA6zuSYEqOzpPe3HOZJ5eX1WtLaQwmYiSeqqJ-k.woff2]
[role-verse-lite-chester.netlify.app/assets/index-DDWZh6OD.css]
